error: use of bad system parameter
  --> tests/ui/sus_resource/my_test.rs:13:37
   |
13 | fn bad_system(_resource_events: Res<Events<AppExit>>) {}
   |                                     ^^^^^^^^^^^^^^^
   |
   = help: events Resource footgun
note: the lint level is defined here
  --> tests/ui/sus_resource/my_test.rs:3:9
   |
3  | #![deny(bevy::events_resource_system_param)]
   |         ^^^^^^^^^^^^^^^^^^^^^^^^^^^^^^^^^^

error: aborting due to 1 previous error

